// WARNING: This file is machine generated by fidlgen.

#include <consts.test.json.llcpp.h>

#include <memory>

namespace llcpp {

namespace test {
namespace name {
const char USERNAME[] = "\"squeenze\"";

}  // namespace name
}  // namespace test
}  // namespace llcpp
