// WARNING: This file is machine generated by fidlgen.

#pragma once

#include <consts.test.json.h>
namespace test {
namespace name {
namespace testing {}  // namespace testing
}  // namespace name
}  // namespace test
