// WARNING: This file is machine generated by fidlgen.

package name


import (
	_bindings "syscall/zx/fidl"
)





type Empty struct {
	_ struct{} `fidl2:"s,1,1"`
}

var _mEmpty = _bindings.CreateLazyMarshaler(Empty{})

func (msg *Empty) Marshaler() _bindings.Marshaler {
	return _mEmpty
}

// Implements Payload.
func (_ *Empty) InlineAlignment() int {
	return 1
}

// Implements Payload.
func (_ *Empty) InlineSize() int {
	return 1
}
