// WARNING: This file is machine generated by fidlgen.

#pragma once

#include "lib/fidl/cpp/fuzzing/traits.h"
#include "lib/fidl/cpp/internal/header.h"

#include <test/name/cpp/fidl.h>

namespace fidl {
namespace fuzzing {


using Empty = ::test::name::Empty;


template<>
struct MinSize<Empty> {
  operator size_t() {
    return MinSize<uint8_t>();
  }
};
template<>
struct Allocate<Empty> {
  Empty operator()(FuzzInput* src, size_t* size) {
    ZX_ASSERT(*size >= MinSize<Empty>());
    const size_t slack_per_member = (*size - MinSize<Empty>()) / 1;
    Empty out;
    size_t out_size;
    out_size = MinSize<uint8_t>() + slack_per_member;
    out.__reserved = Allocate<uint8_t>{}(src, &out_size);
    return out;
  }
};

}  // namespace fuzzing
}  // namespace fidl
