// WARNING: This file is machine generated by fidlgen.

#pragma once

#include "lib/fidl/cpp/fuzzing/traits.h"
#include "lib/fidl/cpp/internal/header.h"

#include <test/name/cpp/fidl.h>

namespace fidl {
namespace fuzzing {





}  // namespace fuzzing
}  // namespace fidl
