// WARNING: This file is machine generated by fidlgen.

#pragma once

#include "lib/fidl/cpp/internal/header.h"


namespace test {
namespace name {

#ifdef __Fuchsia__
class KitchenSink;
using KitchenSinkPtr = ::fidl::InterfacePtr<KitchenSink>;
class KitchenSink_Proxy;
class KitchenSink_Stub;
class KitchenSink_EventSender;
class KitchenSink_Sync;
using KitchenSinkSyncPtr = ::fidl::SynchronousInterfacePtr<KitchenSink>;
class KitchenSink_SyncProxy;
#endif // __Fuchsia__
#ifdef __Fuchsia__
class KitchenSink;
using KitchenSinkPtr = ::fidl::InterfacePtr<KitchenSink>;
class KitchenSink_Proxy;
class KitchenSink_Stub;
class KitchenSink_EventSender;
class KitchenSink_Sync;
using KitchenSinkSyncPtr = ::fidl::SynchronousInterfacePtr<KitchenSink>;
class KitchenSink_SyncProxy;
#endif // __Fuchsia__
#ifdef __Fuchsia__
class ChannelProtocol;
using ChannelProtocolPtr = ::fidl::InterfacePtr<ChannelProtocol>;
class ChannelProtocol_Proxy;
class ChannelProtocol_Stub;
class ChannelProtocol_EventSender;
class ChannelProtocol_Sync;
using ChannelProtocolSyncPtr = ::fidl::SynchronousInterfacePtr<ChannelProtocol>;
class ChannelProtocol_SyncProxy;
#endif // __Fuchsia__
#ifdef __Fuchsia__
class SocketControlProtocol;
using SocketControlProtocolPtr = ::fidl::InterfacePtr<SocketControlProtocol>;
class SocketControlProtocol_Proxy;
class SocketControlProtocol_Stub;
class SocketControlProtocol_EventSender;
class SocketControlProtocol_Sync;
using SocketControlProtocolSyncPtr = ::fidl::SynchronousInterfacePtr<SocketControlProtocol>;
class SocketControlProtocol_SyncProxy;
#endif // __Fuchsia__
#ifdef __Fuchsia__
class WithAndWithoutRequestResponse;
using WithAndWithoutRequestResponsePtr = ::fidl::InterfacePtr<WithAndWithoutRequestResponse>;
class WithAndWithoutRequestResponse_Proxy;
class WithAndWithoutRequestResponse_Stub;
class WithAndWithoutRequestResponse_EventSender;
class WithAndWithoutRequestResponse_Sync;
using WithAndWithoutRequestResponseSyncPtr = ::fidl::SynchronousInterfacePtr<WithAndWithoutRequestResponse>;
class WithAndWithoutRequestResponse_SyncProxy;
#endif // __Fuchsia__
#ifdef __Fuchsia__

class KitchenSink {
 public:
  using Proxy_ = KitchenSink_Proxy;
  using Stub_ = KitchenSink_Stub;
  using EventSender_ = KitchenSink_EventSender;
  using Sync_ = KitchenSink_Sync;
  virtual ~KitchenSink();
      
  virtual void MethodA(int64_t a, int64_t b) = 0;
  using EventACallback =
      fit::function<void(int64_t, int64_t)>;
  using MethodBCallback =
      fit::function<void(int64_t)>;
      
  virtual void MethodB(int64_t a, int64_t b, MethodBCallback callback) = 0;
};

class KitchenSink_EventSender {
 public:
  virtual ~KitchenSink_EventSender();
  virtual void EventA(int64_t a, int64_t b) = 0;
};

class KitchenSink_Sync {
 public:
  using Proxy_ = KitchenSink_SyncProxy;
  virtual ~KitchenSink_Sync();
  virtual zx_status_t MethodA(int64_t a, int64_t b) = 0;
  virtual zx_status_t MethodB(int64_t a, int64_t b, int64_t* out_result) = 0;
};

class KitchenSink_Proxy : public ::fidl::internal::Proxy, public KitchenSink {
 public:
  explicit KitchenSink_Proxy(::fidl::internal::ProxyController* controller);
  ~KitchenSink_Proxy() override;

  zx_status_t Dispatch_(::fidl::Message message) override;
  void MethodA(int64_t a, int64_t b) override;
  EventACallback EventA;
  void MethodB(int64_t a, int64_t b, MethodBCallback callback) override;

 private:
  KitchenSink_Proxy(const KitchenSink_Proxy&) = delete;
  KitchenSink_Proxy& operator=(const KitchenSink_Proxy&) = delete;

  ::fidl::internal::ProxyController* controller_;
};

class KitchenSink_Stub : public ::fidl::internal::Stub, public KitchenSink_EventSender {
 public:
  typedef class KitchenSink KitchenSink_clazz;
  explicit KitchenSink_Stub(KitchenSink_clazz* impl);
  ~KitchenSink_Stub() override;

  zx_status_t Dispatch_(::fidl::Message message,
                        ::fidl::internal::PendingResponse response) override;
  void EventA(int64_t a, int64_t b) override;

 private:
  KitchenSink_clazz* impl_;
};

class KitchenSink_SyncProxy : public KitchenSink_Sync {
 public:
  explicit KitchenSink_SyncProxy(::zx::channel channel);
  ~KitchenSink_SyncProxy() override;

  ::fidl::internal::SynchronousProxy& proxy() { return proxy_; }
  zx_status_t MethodA(int64_t a, int64_t b) override;
  zx_status_t MethodB(int64_t a, int64_t b, int64_t* out_result) override;

  private:
  ::fidl::internal::SynchronousProxy proxy_;
};
#endif // __Fuchsia__
#ifdef __Fuchsia__

class KitchenSink {
 public:
  using Proxy_ = KitchenSink_Proxy;
  using Stub_ = KitchenSink_Stub;
  using EventSender_ = KitchenSink_EventSender;
  using Sync_ = KitchenSink_Sync;
  virtual ~KitchenSink();
      
  virtual void MethodA(int64_t a, int64_t b) = 0;
  using EventACallback =
      fit::function<void(int64_t, int64_t)>;
  using MethodBCallback =
      fit::function<void(int64_t)>;
      
  virtual void MethodB(int64_t a, int64_t b, MethodBCallback callback) = 0;
};

class KitchenSink_EventSender {
 public:
  virtual ~KitchenSink_EventSender();
  virtual void EventA(int64_t a, int64_t b) = 0;
};

class KitchenSink_Sync {
 public:
  using Proxy_ = KitchenSink_SyncProxy;
  virtual ~KitchenSink_Sync();
  virtual zx_status_t MethodA(int64_t a, int64_t b) = 0;
  virtual zx_status_t MethodB(int64_t a, int64_t b, int64_t* out_result) = 0;
};

class KitchenSink_Proxy : public ::fidl::internal::Proxy, public KitchenSink {
 public:
  explicit KitchenSink_Proxy(::fidl::internal::ProxyController* controller);
  ~KitchenSink_Proxy() override;

  zx_status_t Dispatch_(::fidl::Message message) override;
  void MethodA(int64_t a, int64_t b) override;
  EventACallback EventA;
  void MethodB(int64_t a, int64_t b, MethodBCallback callback) override;

 private:
  KitchenSink_Proxy(const KitchenSink_Proxy&) = delete;
  KitchenSink_Proxy& operator=(const KitchenSink_Proxy&) = delete;

  ::fidl::internal::ProxyController* controller_;
};

class KitchenSink_Stub : public ::fidl::internal::Stub, public KitchenSink_EventSender {
 public:
  typedef class KitchenSink KitchenSink_clazz;
  explicit KitchenSink_Stub(KitchenSink_clazz* impl);
  ~KitchenSink_Stub() override;

  zx_status_t Dispatch_(::fidl::Message message,
                        ::fidl::internal::PendingResponse response) override;
  void EventA(int64_t a, int64_t b) override;

 private:
  KitchenSink_clazz* impl_;
};

class KitchenSink_SyncProxy : public KitchenSink_Sync {
 public:
  explicit KitchenSink_SyncProxy(::zx::channel channel);
  ~KitchenSink_SyncProxy() override;

  ::fidl::internal::SynchronousProxy& proxy() { return proxy_; }
  zx_status_t MethodA(int64_t a, int64_t b) override;
  zx_status_t MethodB(int64_t a, int64_t b, int64_t* out_result) override;

  private:
  ::fidl::internal::SynchronousProxy proxy_;
};
#endif // __Fuchsia__
#ifdef __Fuchsia__

class ChannelProtocol {
 public:
  using Proxy_ = ChannelProtocol_Proxy;
  using Stub_ = ChannelProtocol_Stub;
  using EventSender_ = ChannelProtocol_EventSender;
  using Sync_ = ChannelProtocol_Sync;
  virtual ~ChannelProtocol();
      
  virtual void MethodA(int64_t a, int64_t b) = 0;
  using EventACallback =
      fit::function<void(int64_t, int64_t)>;
  using MethodBCallback =
      fit::function<void(int64_t)>;
      
  virtual void MethodB(int64_t a, int64_t b, MethodBCallback callback) = 0;
};

class ChannelProtocol_EventSender {
 public:
  virtual ~ChannelProtocol_EventSender();
  virtual void EventA(int64_t a, int64_t b) = 0;
};

class ChannelProtocol_Sync {
 public:
  using Proxy_ = ChannelProtocol_SyncProxy;
  virtual ~ChannelProtocol_Sync();
  virtual zx_status_t MethodA(int64_t a, int64_t b) = 0;
  virtual zx_status_t MethodB(int64_t a, int64_t b, int64_t* out_result) = 0;
};

class ChannelProtocol_Proxy : public ::fidl::internal::Proxy, public ChannelProtocol {
 public:
  explicit ChannelProtocol_Proxy(::fidl::internal::ProxyController* controller);
  ~ChannelProtocol_Proxy() override;

  zx_status_t Dispatch_(::fidl::Message message) override;
  void MethodA(int64_t a, int64_t b) override;
  EventACallback EventA;
  void MethodB(int64_t a, int64_t b, MethodBCallback callback) override;

 private:
  ChannelProtocol_Proxy(const ChannelProtocol_Proxy&) = delete;
  ChannelProtocol_Proxy& operator=(const ChannelProtocol_Proxy&) = delete;

  ::fidl::internal::ProxyController* controller_;
};

class ChannelProtocol_Stub : public ::fidl::internal::Stub, public ChannelProtocol_EventSender {
 public:
  typedef class ChannelProtocol ChannelProtocol_clazz;
  explicit ChannelProtocol_Stub(ChannelProtocol_clazz* impl);
  ~ChannelProtocol_Stub() override;

  zx_status_t Dispatch_(::fidl::Message message,
                        ::fidl::internal::PendingResponse response) override;
  void EventA(int64_t a, int64_t b) override;

 private:
  ChannelProtocol_clazz* impl_;
};

class ChannelProtocol_SyncProxy : public ChannelProtocol_Sync {
 public:
  explicit ChannelProtocol_SyncProxy(::zx::channel channel);
  ~ChannelProtocol_SyncProxy() override;

  ::fidl::internal::SynchronousProxy& proxy() { return proxy_; }
  zx_status_t MethodA(int64_t a, int64_t b) override;
  zx_status_t MethodB(int64_t a, int64_t b, int64_t* out_result) override;

  private:
  ::fidl::internal::SynchronousProxy proxy_;
};
#endif // __Fuchsia__
#ifdef __Fuchsia__

class SocketControlProtocol {
 public:
  using Proxy_ = SocketControlProtocol_Proxy;
  using Stub_ = SocketControlProtocol_Stub;
  using EventSender_ = SocketControlProtocol_EventSender;
  using Sync_ = SocketControlProtocol_Sync;
  virtual ~SocketControlProtocol();
      
  virtual void MethodA(int64_t a, int64_t b) = 0;
  using EventACallback =
      fit::function<void(int64_t, int64_t)>;
  using MethodBCallback =
      fit::function<void(int64_t)>;
      
  virtual void MethodB(int64_t a, int64_t b, MethodBCallback callback) = 0;
};

class SocketControlProtocol_EventSender {
 public:
  virtual ~SocketControlProtocol_EventSender();
  virtual void EventA(int64_t a, int64_t b) = 0;
};

class SocketControlProtocol_Sync {
 public:
  using Proxy_ = SocketControlProtocol_SyncProxy;
  virtual ~SocketControlProtocol_Sync();
  virtual zx_status_t MethodA(int64_t a, int64_t b) = 0;
  virtual zx_status_t MethodB(int64_t a, int64_t b, int64_t* out_result) = 0;
};

class SocketControlProtocol_Proxy : public ::fidl::internal::Proxy, public SocketControlProtocol {
 public:
  explicit SocketControlProtocol_Proxy(::fidl::internal::ProxyController* controller);
  ~SocketControlProtocol_Proxy() override;

  zx_status_t Dispatch_(::fidl::Message message) override;
  void MethodA(int64_t a, int64_t b) override;
  EventACallback EventA;
  void MethodB(int64_t a, int64_t b, MethodBCallback callback) override;

 private:
  SocketControlProtocol_Proxy(const SocketControlProtocol_Proxy&) = delete;
  SocketControlProtocol_Proxy& operator=(const SocketControlProtocol_Proxy&) = delete;

  ::fidl::internal::ProxyController* controller_;
};

class SocketControlProtocol_Stub : public ::fidl::internal::Stub, public SocketControlProtocol_EventSender {
 public:
  typedef class SocketControlProtocol SocketControlProtocol_clazz;
  explicit SocketControlProtocol_Stub(SocketControlProtocol_clazz* impl);
  ~SocketControlProtocol_Stub() override;

  zx_status_t Dispatch_(::fidl::Message message,
                        ::fidl::internal::PendingResponse response) override;
  void EventA(int64_t a, int64_t b) override;

 private:
  SocketControlProtocol_clazz* impl_;
};

class SocketControlProtocol_SyncProxy : public SocketControlProtocol_Sync {
 public:
  explicit SocketControlProtocol_SyncProxy(::zx::channel channel);
  ~SocketControlProtocol_SyncProxy() override;

  ::fidl::internal::SynchronousProxy& proxy() { return proxy_; }
  zx_status_t MethodA(int64_t a, int64_t b) override;
  zx_status_t MethodB(int64_t a, int64_t b, int64_t* out_result) override;

  private:
  ::fidl::internal::SynchronousProxy proxy_;
};
#endif // __Fuchsia__
#ifdef __Fuchsia__

class WithAndWithoutRequestResponse {
 public:
  using Proxy_ = WithAndWithoutRequestResponse_Proxy;
  using Stub_ = WithAndWithoutRequestResponse_Stub;
  using EventSender_ = WithAndWithoutRequestResponse_EventSender;
  using Sync_ = WithAndWithoutRequestResponse_Sync;
  virtual ~WithAndWithoutRequestResponse();
      
  virtual void NoRequestNoResponse() = 0;
      
  virtual void WithRequestNoResponse(::std::string arg) = 0;
  using NoRequestWithResponseCallback =
      fit::function<void(::std::string)>;
      
  virtual void NoRequestWithResponse(NoRequestWithResponseCallback callback) = 0;
  using WithRequestWithResponseCallback =
      fit::function<void(::std::string)>;
      
  virtual void WithRequestWithResponse(::std::string arg, WithRequestWithResponseCallback callback) = 0;
  using OnNoResponseCallback =
      fit::function<void()>;
  using WithNoResponseCallback =
      fit::function<void(::std::string)>;
};

class WithAndWithoutRequestResponse_EventSender {
 public:
  virtual ~WithAndWithoutRequestResponse_EventSender();
  virtual void OnNoResponse() = 0;
  virtual void WithNoResponse(::std::string ret) = 0;
};

class WithAndWithoutRequestResponse_Sync {
 public:
  using Proxy_ = WithAndWithoutRequestResponse_SyncProxy;
  virtual ~WithAndWithoutRequestResponse_Sync();
  virtual zx_status_t NoRequestNoResponse() = 0;
  virtual zx_status_t WithRequestNoResponse(::std::string arg) = 0;
  virtual zx_status_t NoRequestWithResponse(::std::string* out_ret) = 0;
  virtual zx_status_t WithRequestWithResponse(::std::string arg, ::std::string* out_ret) = 0;
};

class WithAndWithoutRequestResponse_Proxy : public ::fidl::internal::Proxy, public WithAndWithoutRequestResponse {
 public:
  explicit WithAndWithoutRequestResponse_Proxy(::fidl::internal::ProxyController* controller);
  ~WithAndWithoutRequestResponse_Proxy() override;

  zx_status_t Dispatch_(::fidl::Message message) override;
  void NoRequestNoResponse() override;
  void WithRequestNoResponse(::std::string arg) override;
  void NoRequestWithResponse(NoRequestWithResponseCallback callback) override;
  void WithRequestWithResponse(::std::string arg, WithRequestWithResponseCallback callback) override;
  OnNoResponseCallback OnNoResponse;
  WithNoResponseCallback WithNoResponse;

 private:
  WithAndWithoutRequestResponse_Proxy(const WithAndWithoutRequestResponse_Proxy&) = delete;
  WithAndWithoutRequestResponse_Proxy& operator=(const WithAndWithoutRequestResponse_Proxy&) = delete;

  ::fidl::internal::ProxyController* controller_;
};

class WithAndWithoutRequestResponse_Stub : public ::fidl::internal::Stub, public WithAndWithoutRequestResponse_EventSender {
 public:
  typedef class WithAndWithoutRequestResponse WithAndWithoutRequestResponse_clazz;
  explicit WithAndWithoutRequestResponse_Stub(WithAndWithoutRequestResponse_clazz* impl);
  ~WithAndWithoutRequestResponse_Stub() override;

  zx_status_t Dispatch_(::fidl::Message message,
                        ::fidl::internal::PendingResponse response) override;
  void OnNoResponse() override;
  void WithNoResponse(::std::string ret) override;

 private:
  WithAndWithoutRequestResponse_clazz* impl_;
};

class WithAndWithoutRequestResponse_SyncProxy : public WithAndWithoutRequestResponse_Sync {
 public:
  explicit WithAndWithoutRequestResponse_SyncProxy(::zx::channel channel);
  ~WithAndWithoutRequestResponse_SyncProxy() override;

  ::fidl::internal::SynchronousProxy& proxy() { return proxy_; }
  zx_status_t NoRequestNoResponse() override;
  zx_status_t WithRequestNoResponse(::std::string arg) override;
  zx_status_t NoRequestWithResponse(::std::string* out_ret) override;
  zx_status_t WithRequestWithResponse(::std::string arg, ::std::string* out_ret) override;

  private:
  ::fidl::internal::SynchronousProxy proxy_;
};
#endif // __Fuchsia__
}  // namespace name
}  // namespace test
namespace fidl {
}  // namespace fidl
