// WARNING: This file is machine generated by fidlc.

#include <lib/fidl/internal.h>

extern "C" {

// Coding tables for old wire format.



extern const fidl_type_t test_name_SecondProtocolMethodOnSecondRequestTable;
static const ::fidl::FidlStructField Fields45test_name_SecondProtocolMethodOnSecondRequest[] = {};
constexpr static inline const ::fidl::FidlCodedStruct* test_name_SecondProtocolMethodOnSecondRequestAltTypePointerTable() __attribute__((unused));
const fidl_type_t test_name_SecondProtocolMethodOnSecondRequestTable = fidl_type_t(::fidl::FidlCodedStruct(Fields45test_name_SecondProtocolMethodOnSecondRequest, 0u, 16u, nullptr, test_name_SecondProtocolMethodOnSecondRequestAltTypePointerTable()));

extern const fidl_type_t test_name_FirstProtocolMethodOnFirstRequestTable;
static const ::fidl::FidlStructField Fields43test_name_FirstProtocolMethodOnFirstRequest[] = {};
constexpr static inline const ::fidl::FidlCodedStruct* test_name_FirstProtocolMethodOnFirstRequestAltTypePointerTable() __attribute__((unused));
const fidl_type_t test_name_FirstProtocolMethodOnFirstRequestTable = fidl_type_t(::fidl::FidlCodedStruct(Fields43test_name_FirstProtocolMethodOnFirstRequest, 0u, 16u, nullptr, test_name_FirstProtocolMethodOnFirstRequestAltTypePointerTable()));


// Coding tables for v1 wire format.



extern const fidl_type_t v1_test_name_SecondProtocolMethodOnSecondRequestTable;
static const ::fidl::FidlStructField Fields48v1_test_name_SecondProtocolMethodOnSecondRequest[] = {};
constexpr static inline const ::fidl::FidlCodedStruct* v1_test_name_SecondProtocolMethodOnSecondRequestAltTypePointerTable() __attribute__((unused));
const fidl_type_t v1_test_name_SecondProtocolMethodOnSecondRequestTable = fidl_type_t(::fidl::FidlCodedStruct(Fields48v1_test_name_SecondProtocolMethodOnSecondRequest, 0u, 16u, nullptr, v1_test_name_SecondProtocolMethodOnSecondRequestAltTypePointerTable()));

extern const fidl_type_t v1_test_name_FirstProtocolMethodOnFirstRequestTable;
static const ::fidl::FidlStructField Fields46v1_test_name_FirstProtocolMethodOnFirstRequest[] = {};
constexpr static inline const ::fidl::FidlCodedStruct* v1_test_name_FirstProtocolMethodOnFirstRequestAltTypePointerTable() __attribute__((unused));
const fidl_type_t v1_test_name_FirstProtocolMethodOnFirstRequestTable = fidl_type_t(::fidl::FidlCodedStruct(Fields46v1_test_name_FirstProtocolMethodOnFirstRequest, 0u, 16u, nullptr, v1_test_name_FirstProtocolMethodOnFirstRequestAltTypePointerTable()));


// Old <-> V1 map.

constexpr static inline const ::fidl::FidlCodedStruct* test_name_SecondProtocolMethodOnSecondRequestAltTypePointerTable() __attribute__((unused));
constexpr static inline const ::fidl::FidlCodedStruct* test_name_SecondProtocolMethodOnSecondRequestAltTypePointerTable() {
  return &v1_test_name_SecondProtocolMethodOnSecondRequestTable.coded_struct;
}

constexpr static inline const ::fidl::FidlCodedStruct* v1_test_name_SecondProtocolMethodOnSecondRequestAltTypePointerTable() __attribute__((unused));
constexpr static inline const ::fidl::FidlCodedStruct* v1_test_name_SecondProtocolMethodOnSecondRequestAltTypePointerTable() {
  return &test_name_SecondProtocolMethodOnSecondRequestTable.coded_struct;
}


constexpr static inline const ::fidl::FidlCodedStruct* test_name_FirstProtocolMethodOnFirstRequestAltTypePointerTable() __attribute__((unused));
constexpr static inline const ::fidl::FidlCodedStruct* test_name_FirstProtocolMethodOnFirstRequestAltTypePointerTable() {
  return &v1_test_name_FirstProtocolMethodOnFirstRequestTable.coded_struct;
}

constexpr static inline const ::fidl::FidlCodedStruct* v1_test_name_FirstProtocolMethodOnFirstRequestAltTypePointerTable() __attribute__((unused));
constexpr static inline const ::fidl::FidlCodedStruct* v1_test_name_FirstProtocolMethodOnFirstRequestAltTypePointerTable() {
  return &test_name_FirstProtocolMethodOnFirstRequestTable.coded_struct;
}


} // extern "C"
