// WARNING: This file is machine generated by fidlc.

#include <lib/fidl/internal.h>


extern const struct FidlCodedStruct escapeme_DocCommentWithQuotesTable;



static const struct FidlStructField Fields29escapeme_DocCommentWithQuotes[] = {};
const struct FidlCodedStruct escapeme_DocCommentWithQuotesTable = {.tag=kFidlTypeStruct, .fields=Fields29escapeme_DocCommentWithQuotes, .field_count=0u, .size=1u, .name="escapeme/DocCommentWithQuotes"};

