// WARNING: This file is machine generated by fidlgen.

#include <fidl/test/protocolrequest/cpp/natural_types.h>

#include "lib/fidl/cpp/internal/natural_types_implementation.h"

//
// Domain objects definitions (i.e. "natural types" in unified bindings)
//
namespace fidl {
namespace test {
namespace protocolrequest {}  // namespace protocolrequest
}  // namespace test
}  // namespace fidl
