// WARNING: This file is machine generated by fidlgen.

#pragma once

#include <fidl/test/bindingsdenylist/llcpp/fidl.h>
