// WARNING: This file is machine generated by fidlgen.

#pragma once

#include <fidl/test/table/llcpp/fidl.h>
