// WARNING: This file is machine generated by fidlgen.

#include <fidl/test/transitivedependencies/llcpp/fidl.h>

#include <memory>

namespace llcpp {

namespace fidl {
namespace test {
namespace transitivedependencies {}  // namespace transitivedependencies
}  // namespace test
}  // namespace fidl
}  // namespace llcpp
