// WARNING: This file is machine generated by fidlgen.

#pragma once

#include "lib/fidl/cpp/internal/header.h"


namespace test {
namespace name {

class OlderSimpleTable;
class NewerSimpleTable;
class SimpleTable;

class OlderSimpleTable  {
 public:
  static const fidl_type_t* FidlType;
  
  const int64_t* x() const {
    return has_x_ ? &x_value_.value : nullptr;
  }
  bool has_x() const {
    return has_x_;
  }
  
  int64_t* mutable_x() {
    if (!has_x_) {
      has_x_ = true;
      Construct(&x_value_.value);
    }
    return &x_value_.value;
  }
  void set_x(int64_t _value) {
    if (!has_x_) {
      has_x_ = true;
      Construct(&x_value_.value, std::move(_value));
    } else {
      x_value_.value = std::move(_value);
    }
  }
  void clear_x() {
    if (!has_x_) {
      return;
    }
    has_x_ = false;
    Destruct(&x_value_.value);
  }

  OlderSimpleTable();
  OlderSimpleTable(OlderSimpleTable&& other);
  ~OlderSimpleTable();
  OlderSimpleTable& operator=(OlderSimpleTable&& other);

  static inline ::std::unique_ptr<OlderSimpleTable> New() { return ::std::make_unique<OlderSimpleTable>(); }

  void Encode(::fidl::Encoder* _encoder, size_t _offset);
  static void Decode(::fidl::Decoder* _decoder, OlderSimpleTable* _value, size_t _offset);
  zx_status_t Clone(OlderSimpleTable* _result) const;

 private:
  template <class T, class... Args>
  void Construct(T* p, Args&&... args) {
    new (p) T(std::forward<Args>(args)...);
  }

  template <class T>
  void Destruct(T* p) {
    p->~T();
  }
  bool has_x_ : 1;
  union ValueUnion_x {
    ValueUnion_x() {}
    ~ValueUnion_x() {}

    int64_t value;
  };
  ValueUnion_x x_value_;
};

bool operator==(const OlderSimpleTable& _lhs, const OlderSimpleTable& _rhs);
inline bool operator!=(const OlderSimpleTable& _lhs, const OlderSimpleTable& _rhs) {
  return !(_lhs == _rhs);
}

using OlderSimpleTablePtr = ::std::unique_ptr<OlderSimpleTable>;

class NewerSimpleTable  {
 public:
  static const fidl_type_t* FidlType;
  
  const int64_t* x() const {
    return has_x_ ? &x_value_.value : nullptr;
  }
  bool has_x() const {
    return has_x_;
  }
  
  int64_t* mutable_x() {
    if (!has_x_) {
      has_x_ = true;
      Construct(&x_value_.value);
    }
    return &x_value_.value;
  }
  void set_x(int64_t _value) {
    if (!has_x_) {
      has_x_ = true;
      Construct(&x_value_.value, std::move(_value));
    } else {
      x_value_.value = std::move(_value);
    }
  }
  void clear_x() {
    if (!has_x_) {
      return;
    }
    has_x_ = false;
    Destruct(&x_value_.value);
  }
  
  const int64_t* y() const {
    return has_y_ ? &y_value_.value : nullptr;
  }
  bool has_y() const {
    return has_y_;
  }
  
  int64_t* mutable_y() {
    if (!has_y_) {
      has_y_ = true;
      Construct(&y_value_.value);
    }
    return &y_value_.value;
  }
  void set_y(int64_t _value) {
    if (!has_y_) {
      has_y_ = true;
      Construct(&y_value_.value, std::move(_value));
    } else {
      y_value_.value = std::move(_value);
    }
  }
  void clear_y() {
    if (!has_y_) {
      return;
    }
    has_y_ = false;
    Destruct(&y_value_.value);
  }
  
  const int64_t* z() const {
    return has_z_ ? &z_value_.value : nullptr;
  }
  bool has_z() const {
    return has_z_;
  }
  
  int64_t* mutable_z() {
    if (!has_z_) {
      has_z_ = true;
      Construct(&z_value_.value);
    }
    return &z_value_.value;
  }
  void set_z(int64_t _value) {
    if (!has_z_) {
      has_z_ = true;
      Construct(&z_value_.value, std::move(_value));
    } else {
      z_value_.value = std::move(_value);
    }
  }
  void clear_z() {
    if (!has_z_) {
      return;
    }
    has_z_ = false;
    Destruct(&z_value_.value);
  }

  NewerSimpleTable();
  NewerSimpleTable(NewerSimpleTable&& other);
  ~NewerSimpleTable();
  NewerSimpleTable& operator=(NewerSimpleTable&& other);

  static inline ::std::unique_ptr<NewerSimpleTable> New() { return ::std::make_unique<NewerSimpleTable>(); }

  void Encode(::fidl::Encoder* _encoder, size_t _offset);
  static void Decode(::fidl::Decoder* _decoder, NewerSimpleTable* _value, size_t _offset);
  zx_status_t Clone(NewerSimpleTable* _result) const;

 private:
  template <class T, class... Args>
  void Construct(T* p, Args&&... args) {
    new (p) T(std::forward<Args>(args)...);
  }

  template <class T>
  void Destruct(T* p) {
    p->~T();
  }
  bool has_x_ : 1;
  bool has_y_ : 1;
  bool has_z_ : 1;
  union ValueUnion_x {
    ValueUnion_x() {}
    ~ValueUnion_x() {}

    int64_t value;
  };
  ValueUnion_x x_value_;
  union ValueUnion_y {
    ValueUnion_y() {}
    ~ValueUnion_y() {}

    int64_t value;
  };
  ValueUnion_y y_value_;
  union ValueUnion_z {
    ValueUnion_z() {}
    ~ValueUnion_z() {}

    int64_t value;
  };
  ValueUnion_z z_value_;
};

bool operator==(const NewerSimpleTable& _lhs, const NewerSimpleTable& _rhs);
inline bool operator!=(const NewerSimpleTable& _lhs, const NewerSimpleTable& _rhs) {
  return !(_lhs == _rhs);
}

using NewerSimpleTablePtr = ::std::unique_ptr<NewerSimpleTable>;

class SimpleTable  {
 public:
  static const fidl_type_t* FidlType;
  
  const int64_t* x() const {
    return has_x_ ? &x_value_.value : nullptr;
  }
  bool has_x() const {
    return has_x_;
  }
  
  int64_t* mutable_x() {
    if (!has_x_) {
      has_x_ = true;
      Construct(&x_value_.value);
    }
    return &x_value_.value;
  }
  void set_x(int64_t _value) {
    if (!has_x_) {
      has_x_ = true;
      Construct(&x_value_.value, std::move(_value));
    } else {
      x_value_.value = std::move(_value);
    }
  }
  void clear_x() {
    if (!has_x_) {
      return;
    }
    has_x_ = false;
    Destruct(&x_value_.value);
  }
  
  const int64_t* y() const {
    return has_y_ ? &y_value_.value : nullptr;
  }
  bool has_y() const {
    return has_y_;
  }
  
  int64_t* mutable_y() {
    if (!has_y_) {
      has_y_ = true;
      Construct(&y_value_.value);
    }
    return &y_value_.value;
  }
  void set_y(int64_t _value) {
    if (!has_y_) {
      has_y_ = true;
      Construct(&y_value_.value, std::move(_value));
    } else {
      y_value_.value = std::move(_value);
    }
  }
  void clear_y() {
    if (!has_y_) {
      return;
    }
    has_y_ = false;
    Destruct(&y_value_.value);
  }

  SimpleTable();
  SimpleTable(SimpleTable&& other);
  ~SimpleTable();
  SimpleTable& operator=(SimpleTable&& other);

  static inline ::std::unique_ptr<SimpleTable> New() { return ::std::make_unique<SimpleTable>(); }

  void Encode(::fidl::Encoder* _encoder, size_t _offset);
  static void Decode(::fidl::Decoder* _decoder, SimpleTable* _value, size_t _offset);
  zx_status_t Clone(SimpleTable* _result) const;

 private:
  template <class T, class... Args>
  void Construct(T* p, Args&&... args) {
    new (p) T(std::forward<Args>(args)...);
  }

  template <class T>
  void Destruct(T* p) {
    p->~T();
  }
  bool has_x_ : 1;
  bool has_y_ : 1;
  union ValueUnion_x {
    ValueUnion_x() {}
    ~ValueUnion_x() {}

    int64_t value;
  };
  ValueUnion_x x_value_;
  union ValueUnion_y {
    ValueUnion_y() {}
    ~ValueUnion_y() {}

    int64_t value;
  };
  ValueUnion_y y_value_;
};

bool operator==(const SimpleTable& _lhs, const SimpleTable& _rhs);
inline bool operator!=(const SimpleTable& _lhs, const SimpleTable& _rhs) {
  return !(_lhs == _rhs);
}

using SimpleTablePtr = ::std::unique_ptr<SimpleTable>;
}  // namespace name
}  // namespace test
namespace fidl {

template <>
struct CodingTraits<::test::name::OlderSimpleTable>
    : public EncodableCodingTraits<::test::name::OlderSimpleTable, 16> {};

inline zx_status_t Clone(const ::test::name::OlderSimpleTable& _value,
                         ::test::name::OlderSimpleTable* result) {
  return _value.Clone(result);
}
template <>
struct CodingTraits<::test::name::NewerSimpleTable>
    : public EncodableCodingTraits<::test::name::NewerSimpleTable, 16> {};

inline zx_status_t Clone(const ::test::name::NewerSimpleTable& _value,
                         ::test::name::NewerSimpleTable* result) {
  return _value.Clone(result);
}
template <>
struct CodingTraits<::test::name::SimpleTable>
    : public EncodableCodingTraits<::test::name::SimpleTable, 16> {};

inline zx_status_t Clone(const ::test::name::SimpleTable& _value,
                         ::test::name::SimpleTable* result) {
  return _value.Clone(result);
}}  // namespace fidl
