// WARNING: This file is machine generated by fidlgen.

#pragma once

#include <bottom/cpp/fidl.h>
#include <foreign_type_in_response_used_through_compose.test.json.h>
#include <middle/cpp/fidl.h>
namespace fidl {
namespace test {
namespace foreigntypeinresponseusedthroughcompose {
namespace testing {

class Top_TestBase : public Top {
 public:
  virtual ~Top_TestBase() {}
  virtual void NotImplemented_(const std::string& name) = 0;
  void GetFoo(GetFooCallback callback) override { NotImplemented_("GetFoo"); }
};
}  // namespace testing
}  // namespace foreigntypeinresponseusedthroughcompose
}  // namespace test
}  // namespace fidl
